
> healthy-corner@1.0.0 test
> playwright test --project=chromium --workers=4 --reporter=list --timeout=30000


Running 47 tests using 4 workers

  ✓   2 [chromium] › tests/admin.spec.ts:17:7 › Admin Dashboard › should login successfully (3.0s)
  ✓   1 [chromium] › tests/admin.spec.ts:32:7 › Admin Dashboard › should display bookings tab (3.2s)
  ✓   3 [chromium] › tests/admin.spec.ts:52:7 › Admin Dashboard › should navigate to media manager (3.6s)
  ✓   4 [chromium] › tests/admin.spec.ts:88:7 › Media Manager › should display media stats (4.5s)
  ✓   6 [chromium] › tests/admin.spec.ts:104:7 › Media Manager › should filter by category (3.7s)
  ✓   7 [chromium] › tests/admin.spec.ts:130:7 › Product Management › should display products tab (3.7s)
  ✓   8 [chromium] › tests/admin.spec.ts:140:7 › Product Management › should open add product modal (3.5s)
  ✓   9 [chromium] › tests/admin.spec.ts:156:7 › Product Management › should create a new product (3.4s)
  ✓  10 [chromium] › tests/admin.spec.ts:202:7 › Order Management › should display orders tab (3.4s)
  ✓  11 [chromium] › tests/admin.spec.ts:213:7 › Order Management › should update order status (3.3s)
  ✓  12 [chromium] › tests/comprehensive-user-flows.spec.ts:10:7 › Critical User Journey 1: First-time Visitor Discovery › new visitor explores website and books a retreat (7.4s)
  ✓  13 [chromium] › tests/comprehensive-user-flows.spec.ts:60:7 › Critical User Journey 2: Returning Customer Shopping › returning customer shops for products (6.9s)
  ✓  14 [chromium] › tests/comprehensive-user-flows.spec.ts:110:7 › Critical User Journey 3: Contact & Questions › potential customer has questions before booking (6.5s)
  ✓  17 [chromium] › tests/comprehensive-user-flows.spec.ts:212:7 › Data Collection: What gets stored › verify booking data is properly collected (3.4s)
  ✓  15 [chromium] › tests/comprehensive-user-flows.spec.ts:139:7 › Business Logic: Booking vs Shopping Clarity › verify booking is for services, shopping is for products (4.6s)
  ✓  18 [chromium] › tests/comprehensive-user-flows.spec.ts:242:7 › Data Collection: What gets stored › verify order data collection in checkout (2.2s)
  ✓  19 [chromium] › tests/comprehensive-user-flows.spec.ts:257:7 › Error Handling & Edge Cases › booking form validation works (2.6s)
  ✓  16 [chromium] › tests/comprehensive-user-flows.spec.ts:172:7 › Admin Flow: Managing Bookings and Orders › admin reviews and manages customer bookings (7.3s)
  ✓  20 [chromium] › tests/comprehensive-user-flows.spec.ts:270:7 › Error Handling & Edge Cases › contact form validation works (2.9s)
  ✓  23 [chromium] › tests/comprehensive-user-flows.spec.ts:325:7 › User Account Management › check if user registration/accounts exist (1.7s)
  ✓  22 [chromium] › tests/comprehensive-user-flows.spec.ts:296:7 › Mobile User Experience › mobile user can browse and book (3.9s)
  ✓  21 [chromium] › tests/comprehensive-user-flows.spec.ts:282:7 › Error Handling & Edge Cases › cannot access admin without login (4.8s)
  ✓  25 [chromium] › tests/e2e-flows.spec.ts:10:7 › Homepage - All Sections Load › should load and display all homepage sections (3.9s)
  ✓  24 [chromium] › tests/comprehensive-user-flows.spec.ts:349:7 › Email Confirmation Flow › check if booking sends confirmation (5.9s)
  ✓  26 [chromium] › tests/e2e-flows.spec.ts:53:7 › Shop E-Commerce Flow › should complete full shopping flow: browse -> add to cart -> checkout (6.1s)
  ✓  27 [chromium] › tests/e2e-flows.spec.ts:92:7 › Shop E-Commerce Flow › should update cart quantity (5.0s)
  ✓  28 [chromium] › tests/e2e-flows.spec.ts:126:7 › Booking Form › should submit booking form successfully (5.6s)
  ✓  30 [chromium] › tests/e2e-flows.spec.ts:189:7 › Admin Login and Dashboard › should login to admin dashboard (2.1s)
  ✓  32 [chromium] › tests/e2e-flows.spec.ts:230:7 › Admin Login and Dashboard › should navigate to media manager (2.1s)
  ✓  29 [chromium] › tests/e2e-flows.spec.ts:165:7 › Contact Form › should submit contact form successfully (6.6s)
  ✓  31 [chromium] › tests/e2e-flows.spec.ts:207:7 › Admin Login and Dashboard › should navigate between admin tabs (3.7s)
  ✓  34 [chromium] › tests/e2e-flows.spec.ts:266:7 › Gallery › should filter gallery by category (3.6s)
  ✓  33 [chromium] › tests/e2e-flows.spec.ts:249:7 › Gallery › should display gallery images (4.1s)
  ✓  36 [chromium] › tests/shop.spec.ts:13:7 › Public Shop › should display shop section (2.0s)
  ✓  35 [chromium] › tests/e2e-flows.spec.ts:286:7 › Newsletter Subscription › should subscribe to newsletter (7.0s)
  ✓  38 [chromium] › tests/shop.spec.ts:33:7 › Public Shop › should add product to cart (4.1s)
  ✘  37 [chromium] › tests/shop.spec.ts:21:7 › Public Shop › should display products (9.0s)
  ✓  40 [chromium] › tests/shop.spec.ts:76:7 › Public Shop › should update quantity in cart (5.2s)
  ✘  39 [chromium] › tests/shop.spec.ts:53:7 › Public Shop › should open cart sidebar (9.4s)
  ✘   5 [chromium] › tests/admin.spec.ts:95:7 › Media Manager › should open upload modal (1.0m)
  ✓  43 [chromium] › tests/shop.spec.ts:163:7 › Gallery with Real Images › should display gallery section (2.1s)
  ✓  41 [chromium] › tests/shop.spec.ts:104:7 › Public Shop › should remove item from cart (7.2s)
  ✓  44 [chromium] › tests/shop.spec.ts:181:7 › Gallery with Real Images › should filter images by category (2.8s)
  ✓  46 [chromium] › tests/shop.spec.ts:171:7 › Gallery with Real Images › should display category filters (2.2s)
  ✘  42 [chromium] › tests/shop.spec.ts:132:7 › Public Shop › should display correct total (10.2s)
  ✘  45 [chromium] › tests/shop.spec.ts:196:7 › Gallery with Real Images › should open image lightbox (1.0m)
  ✘  47 [chromium] › tests/shop.spec.ts:219:7 › Gallery with Real Images › should close lightbox (1.0m)


  1) [chromium] › tests/admin.spec.ts:95:7 › Media Manager › should open upload modal ──────────────

    [31mTest timeout of 60000ms exceeded.[39m

    Error: locator.click: Test timeout of 60000ms exceeded.
    Call log:
    [2m  - waiting for locator('button').filter({ hasText: 'Upload' }).first()[22m
    [2m    - locator resolved to <button class="flex items-center space-x-2 px-4 py-2 bg-primary text-white rounded-lg hover:bg-primary/90 transition-colors">…</button>[22m
    [2m  - attempting click action[22m
    [2m    2 × waiting for element to be visible, enabled and stable[22m
    [2m      - element is visible, enabled and stable[22m
    [2m      - scrolling into view if needed[22m
    [2m      - done scrolling[22m
    [2m      - <a href="#booking" class="px-6 py-2.5 bg-primary text-white rounded-full font-medium hover:bg-primary/90 transition-colors shadow-lg">Book Now</a> from <nav class="fixed top-0 left-0 right-0 z-50 transition-all duration-300 bg-black/20 backdrop-blur-sm">…</nav> subtree intercepts pointer events[22m
    [2m    - retrying click action[22m
    [2m    - waiting 20ms[22m
    [2m    2 × waiting for element to be visible, enabled and stable[22m
    [2m      - element is visible, enabled and stable[22m
    [2m      - scrolling into view if needed[22m
    [2m      - done scrolling[22m
    [2m      - <a href="#booking" class="px-6 py-2.5 bg-primary text-white rounded-full font-medium hover:bg-primary/90 transition-colors shadow-lg">Book Now</a> from <nav class="fixed top-0 left-0 right-0 z-50 transition-all duration-300 bg-black/20 backdrop-blur-sm">…</nav> subtree intercepts pointer events[22m
    [2m    - retrying click action[22m
    [2m      - waiting 100ms[22m
    [2m    3 × waiting for element to be visible, enabled and stable[22m
    [2m      - element is visible, enabled and stable[22m
    [2m      - scrolling into view if needed[22m
    [2m      - done scrolling[22m
    [2m      - <a href="#booking" class="px-6 py-2.5 bg-primary text-white rounded-full font-medium hover:bg-primary/90 transition-colors shadow-lg">Book Now</a> from <nav class="fixed top-0 left-0 right-0 z-50 transition-all duration-300 bg-white/95 backdrop-blur-md shadow-md">…</nav> subtree intercepts pointer events[22m
    [2m    - retrying click action[22m
    [2m      - waiting 500ms[22m
    [2m      - waiting for element to be visible, enabled and stable[22m
    [2m      - element is visible, enabled and stable[22m
    [2m      - scrolling into view if needed[22m
    [2m      - done scrolling[22m
    [2m      - <a href="#booking" class="px-6 py-2.5 bg-primary text-white rounded-full font-medium hover:bg-primary/90 transition-colors shadow-lg">Book Now</a> from <nav class="fixed top-0 left-0 right-0 z-50 transition-all duration-300 bg-white/95 backdrop-blur-md shadow-md">…</nav> subtree intercepts pointer events[22m
    [2m    - retrying click action[22m
    [2m      - waiting 500ms[22m
    [2m      - waiting for element to be visible, enabled and stable[22m
    [2m      - element is visible, enabled and stable[22m
    [2m      - scrolling into view if needed[22m
    [2m      - done scrolling[22m
    [2m      - <a href="#booking" class="px-6 py-2.5 bg-primary text-white rounded-full font-medium hover:bg-primary/90 transition-colors shadow-lg">Book Now</a> from <nav class="fixed top-0 left-0 right-0 z-50 transition-all duration-300 bg-black/20 backdrop-blur-sm">…</nav> subtree intercepts pointer events[22m
    [2m    - retrying click action[22m
    [2m      - waiting 500ms[22m
    [2m      - waiting for element to be visible, enabled and stable[22m
    [2m      - element is visible, enabled and stable[22m
    [2m      - scrolling into view if needed[22m
    [2m      - done scrolling[22m
    [2m      - <a href="#booking" class="px-6 py-2.5 bg-primary text-white rounded-full font-medium hover:bg-primary/90 transition-colors shadow-lg">Book Now</a> from <nav class="fixed top-0 left-0 right-0 z-50 transition-all duration-300 bg-black/20 backdrop-blur-sm">…</nav> subtree intercepts pointer events[22m
    [2m    - retrying click action[22m
    [2m      - waiting 500ms[22m
    [2m    - waiting for element to be visible, enabled and stable[22m
    [2m    - element is visible, enabled and stable[22m
    [2m    - scrolling into view if needed[22m
    [2m    - done scrolling[22m
    [2m    - <a href="#booking" class="px-6 py-2.5 bg-primary text-white rounded-full font-medium hover:bg-primary/90 transition-colors shadow-lg">Book Now</a> from <nav class="fixed top-0 left-0 right-0 z-50 transition-all duration-300 bg-white/95 backdrop-blur-md shadow-md">…</nav> subtree intercepts pointer events[22m
    [2m  3 × retrying click action[22m
    [2m      - waiting 500ms[22m
    [2m      - waiting for element to be visible, enabled and stable[22m
    [2m      - element is visible, enabled and stable[22m
    [2m      - scrolling into view if needed[22m
    [2m      - done scrolling[22m
    [2m      - <a href="#booking" class="px-6 py-2.5 bg-primary text-white rounded-full font-medium hover:bg-primary/90 transition-colors shadow-lg">Book Now</a> from <nav class="fixed top-0 left-0 right-0 z-50 transition-all duration-300 bg-black/20 backdrop-blur-sm">…</nav> subtree intercepts pointer events[22m
    [2m  22 × retrying click action[22m
    [2m       - waiting 500ms[22m
    [2m       - waiting for element to be visible, enabled and stable[22m
    [2m       - element is visible, enabled and stable[22m
    [2m       - scrolling into view if needed[22m
    [2m       - done scrolling[22m
    [2m       - <a href="#booking" class="px-6 py-2.5 bg-primary text-white rounded-full font-medium hover:bg-primary/90 transition-colors shadow-lg">Book Now</a> from <nav class="fixed top-0 left-0 right-0 z-50 transition-all duration-300 bg-white/95 backdrop-blur-md shadow-md">…</nav> subtree intercepts pointer events[22m
    [2m     - retrying click action[22m
    [2m       - waiting 500ms[22m
    [2m       - waiting for element to be visible, enabled and stable[22m
    [2m       - element is visible, enabled and stable[22m
    [2m       - scrolling into view if needed[22m
    [2m       - done scrolling[22m
    [2m       - <a href="#booking" class="px-6 py-2.5 bg-primary text-white rounded-full font-medium hover:bg-primary/90 transition-colors shadow-lg">Book Now</a> from <nav class="fixed top-0 left-0 right-0 z-50 transition-all duration-300 bg-white/95 backdrop-blur-md shadow-md">…</nav> subtree intercepts pointer events[22m
    [2m     - retrying click action[22m
    [2m       - waiting 500ms[22m
    [2m       - waiting for element to be visible, enabled and stable[22m
    [2m       - element is visible, enabled and stable[22m
    [2m       - scrolling into view if needed[22m
    [2m       - done scrolling[22m
    [2m       - <a href="#booking" class="px-6 py-2.5 bg-primary text-white rounded-full font-medium hover:bg-primary/90 transition-colors shadow-lg">Book Now</a> from <nav class="fixed top-0 left-0 right-0 z-50 transition-all duration-300 bg-black/20 backdrop-blur-sm">…</nav> subtree intercepts pointer events[22m
    [2m     - retrying click action[22m
    [2m       - waiting 500ms[22m
    [2m       - waiting for element to be visible, enabled and stable[22m
    [2m       - element is visible, enabled and stable[22m
    [2m       - scrolling into view if needed[22m
    [2m       - done scrolling[22m
    [2m       - <a href="#booking" class="px-6 py-2.5 bg-primary text-white rounded-full font-medium hover:bg-primary/90 transition-colors shadow-lg">Book Now</a> from <nav class="fixed top-0 left-0 right-0 z-50 transition-all duration-300 bg-black/20 backdrop-blur-sm">…</nav> subtree intercepts pointer events[22m
    [2m  2 × retrying click action[22m
    [2m      - waiting 500ms[22m
    [2m      - waiting for element to be visible, enabled and stable[22m
    [2m      - element is visible, enabled and stable[22m
    [2m      - scrolling into view if needed[22m
    [2m      - done scrolling[22m
    [2m      - <a href="#booking" class="px-6 py-2.5 bg-primary text-white rounded-full font-medium hover:bg-primary/90 transition-colors shadow-lg">Book Now</a> from <nav class="fixed top-0 left-0 right-0 z-50 transition-all duration-300 bg-white/95 backdrop-blur-md shadow-md">…</nav> subtree intercepts pointer events[22m
    [2m  - retrying click action[22m
    [2m    - waiting 500ms[22m
    [2m    - waiting for element to be visible, enabled and stable[22m
    [2m    - element is visible, enabled and stable[22m
    [2m    - scrolling into view if needed[22m
    [2m    - done scrolling[22m
    [2m    - <a href="#booking" class="px-6 py-2.5 bg-primary text-white rounded-full font-medium hover:bg-primary/90 transition-colors shadow-lg">Book Now</a> from <nav class="fixed top-0 left-0 right-0 z-50 transition-all duration-300 bg-black/20 backdrop-blur-sm">…</nav> subtree intercepts pointer events[22m
    [2m  - retrying click action[22m
    [2m    - waiting 500ms[22m


       96 |     // Click upload button
       97 |     const uploadButton = page.locator('button').filter({ hasText: 'Upload' }).first();
    >  98 |     await uploadButton.click();
          |                        ^
       99 |     
      100 |     // Verify modal is open
      101 |     await expect(page.locator('input[type="file"]')).toBeVisible({ timeout: 5000 });
        at /home/jack/CascadeProjects/healthy corner/tests/admin.spec.ts:98:24

    attachment #1: screenshot (image/png) ──────────────────────────────────────────────────────────
    test-results/admin-Media-Manager-should-open-upload-modal-chromium/test-failed-1.png
    ────────────────────────────────────────────────────────────────────────────────────────────────

    Error Context: test-results/admin-Media-Manager-should-open-upload-modal-chromium/error-context.md

  2) [chromium] › tests/shop.spec.ts:21:7 › Public Shop › should display products ──────────────────

    Error: [2mexpect([22m[31mlocator[39m[2m).[22mtoBeVisible[2m([22m[2m)[22m failed

    Locator: locator('text=Add to Cart, text=Loading').first()
    Expected: visible
    Timeout: 5000ms
    Error: element(s) not found

    Call log:
    [2m  - Expect "toBeVisible" with timeout 5000ms[22m
    [2m  - waiting for locator('text=Add to Cart, text=Loading').first()[22m


      28 |     // Check if products are displayed or loading indicator
      29 |     const productsOrLoading = page.locator('text=Add to Cart, text=Loading');
    > 30 |     await expect(productsOrLoading.first()).toBeVisible();
         |                                             ^
      31 |   });
      32 |
      33 |   test('should add product to cart', async ({ page }) => {
        at /home/jack/CascadeProjects/healthy corner/tests/shop.spec.ts:30:45

    attachment #1: screenshot (image/png) ──────────────────────────────────────────────────────────
    test-results/shop-Public-Shop-should-display-products-chromium/test-failed-1.png
    ────────────────────────────────────────────────────────────────────────────────────────────────

    Error Context: test-results/shop-Public-Shop-should-display-products-chromium/error-context.md

  3) [chromium] › tests/shop.spec.ts:53:7 › Public Shop › should open cart sidebar ─────────────────

    Error: [2mexpect([22m[31mlocator[39m[2m).[22mtoBeVisible[2m([22m[2m)[22m failed

    Locator: locator('text=Your Cart')
    Expected: visible
    Timeout: 5000ms
    Error: element(s) not found

    Call log:
    [2m  - Expect "toBeVisible" with timeout 5000ms[22m
    [2m  - waiting for locator('text=Your Cart')[22m


      69 |       
      70 |       // Verify cart sidebar is open
    > 71 |       await expect(page.locator('text=Your Cart')).toBeVisible();
         |                                                    ^
      72 |       await expect(page.locator('text=Total:')).toBeVisible();
      73 |     }
      74 |   });
        at /home/jack/CascadeProjects/healthy corner/tests/shop.spec.ts:71:52

    attachment #1: screenshot (image/png) ──────────────────────────────────────────────────────────
    test-results/shop-Public-Shop-should-open-cart-sidebar-chromium/test-failed-1.png
    ────────────────────────────────────────────────────────────────────────────────────────────────

    Error Context: test-results/shop-Public-Shop-should-open-cart-sidebar-chromium/error-context.md

  4) [chromium] › tests/shop.spec.ts:132:7 › Public Shop › should display correct total ────────────

    Error: [2mexpect([22m[31mlocator[39m[2m).[22mtoBeVisible[2m([22m[2m)[22m failed

    Locator: locator('text=Total').first()
    Expected: visible
    Timeout: 5000ms
    Error: element(s) not found

    Call log:
    [2m  - Expect "toBeVisible" with timeout 5000ms[22m
    [2m  - waiting for locator('text=Total').first()[22m


      151 |       // Verify total is visible
      152 |       const totalElement = page.locator('text=Total').first();
    > 153 |       await expect(totalElement).toBeVisible({ timeout: 5000 });
          |                                  ^
      154 |     }
      155 |   });
      156 | });
        at /home/jack/CascadeProjects/healthy corner/tests/shop.spec.ts:153:34

    attachment #1: screenshot (image/png) ──────────────────────────────────────────────────────────
    test-results/shop-Public-Shop-should-display-correct-total-chromium/test-failed-1.png
    ────────────────────────────────────────────────────────────────────────────────────────────────

    Error Context: test-results/shop-Public-Shop-should-display-correct-total-chromium/error-context.md

  5) [chromium] › tests/shop.spec.ts:196:7 › Gallery with Real Images › should open image lightbox ─

    [31mTest timeout of 60000ms exceeded.[39m

    Error: locator.click: Test timeout of 60000ms exceeded.
    Call log:
    [2m  - waiting for locator('#gallery img[alt]').first()[22m
    [2m    - locator resolved to <img loading="lazy" decoding="async" data-nimg="fill" class="object-cover" alt="Ice Bath Ceremony" sizes="(max-width: 640px) 100vw, (max-width: 1024px) 50vw, 25vw" src="/_next/image?url=%2Fimages%2Ficebath%20breathing%2FDSC_4910.JPG&w=3840&q=75" srcset="/_next/image?url=%2Fimages%2Ficebath%20breathing%2FDSC_4910.JPG&w=256&q=75 256w, /_next/image?url=%2Fimages%2Ficebath%20breathing%2FDSC_4910.JPG&w=384&q=75 384w, /_next/image?url=%2Fimages%2Ficebath%20breathing%2FDSC_4910.JPG&w=640&q=75 640w, /_next…/>[22m
    [2m  - attempting click action[22m
    [2m    2 × waiting for element to be visible, enabled and stable[22m
    [2m      - element is visible, enabled and stable[22m
    [2m      - scrolling into view if needed[22m
    [2m      - done scrolling[22m
    [2m      - <div class="absolute inset-0 bg-black/0 group-hover:bg-black/60 transition-all duration-300 flex items-end p-6">…</div> intercepts pointer events[22m
    [2m    - retrying click action[22m
    [2m    - waiting 20ms[22m
    [2m    2 × waiting for element to be visible, enabled and stable[22m
    [2m      - element is not stable[22m
    [2m    - retrying click action[22m
    [2m      - waiting 100ms[22m
    [2m    - waiting for element to be visible, enabled and stable[22m
    [2m    - element is not stable[22m
    [2m  106 × retrying click action[22m
    [2m        - waiting 500ms[22m
    [2m        - waiting for element to be visible, enabled and stable[22m
    [2m        - element is visible, enabled and stable[22m
    [2m        - scrolling into view if needed[22m
    [2m        - done scrolling[22m
    [2m        - <div class="absolute inset-0 bg-black/0 group-hover:bg-black/60 transition-all duration-300 flex items-end p-6">…</div> intercepts pointer events[22m
    [2m  - retrying click action[22m
    [2m    - waiting 500ms[22m


      205 |     if (imageCount > 0) {
      206 |       // Click on first gallery image
    > 207 |       await galleryImages.first().click();
          |                                   ^
      208 |       await page.waitForTimeout(500);
      209 |       
      210 |       // Verify lightbox or modal is open (look for close button or overlay)
        at /home/jack/CascadeProjects/healthy corner/tests/shop.spec.ts:207:35

    attachment #1: screenshot (image/png) ──────────────────────────────────────────────────────────
    test-results/shop-Gallery-with-Real-Images-should-open-image-lightbox-chromium/test-failed-1.png
    ────────────────────────────────────────────────────────────────────────────────────────────────

    Error Context: test-results/shop-Gallery-with-Real-Images-should-open-image-lightbox-chromium/error-context.md

  6) [chromium] › tests/shop.spec.ts:219:7 › Gallery with Real Images › should close lightbox ──────

    [31mTest timeout of 60000ms exceeded.[39m

    Error: locator.click: Test timeout of 60000ms exceeded.
    Call log:
    [2m  - waiting for locator('#gallery img[alt]').first()[22m
    [2m    - locator resolved to <img loading="lazy" decoding="async" data-nimg="fill" class="object-cover" alt="Ice Bath Ceremony" sizes="(max-width: 640px) 100vw, (max-width: 1024px) 50vw, 25vw" src="/_next/image?url=%2Fimages%2Ficebath%20breathing%2FDSC_4910.JPG&w=3840&q=75" srcset="/_next/image?url=%2Fimages%2Ficebath%20breathing%2FDSC_4910.JPG&w=256&q=75 256w, /_next/image?url=%2Fimages%2Ficebath%20breathing%2FDSC_4910.JPG&w=384&q=75 384w, /_next/image?url=%2Fimages%2Ficebath%20breathing%2FDSC_4910.JPG&w=640&q=75 640w, /_next…/>[22m
    [2m  - attempting click action[22m
    [2m    2 × waiting for element to be visible, enabled and stable[22m
    [2m      - element is visible, enabled and stable[22m
    [2m      - scrolling into view if needed[22m
    [2m      - done scrolling[22m
    [2m      - <div class="absolute inset-0 bg-black/0 group-hover:bg-black/60 transition-all duration-300 flex items-end p-6">…</div> intercepts pointer events[22m
    [2m    - retrying click action[22m
    [2m    - waiting 20ms[22m
    [2m    2 × waiting for element to be visible, enabled and stable[22m
    [2m      - element is not stable[22m
    [2m    - retrying click action[22m
    [2m      - waiting 100ms[22m
    [2m    - waiting for element to be visible, enabled and stable[22m
    [2m    - element is not stable[22m
    [2m  106 × retrying click action[22m
    [2m        - waiting 500ms[22m
    [2m        - waiting for element to be visible, enabled and stable[22m
    [2m        - element is visible, enabled and stable[22m
    [2m        - scrolling into view if needed[22m
    [2m        - done scrolling[22m
    [2m        - <div class="absolute inset-0 bg-black/0 group-hover:bg-black/60 transition-all duration-300 flex items-end p-6">…</div> intercepts pointer events[22m
    [2m  - retrying click action[22m
    [2m    - waiting 500ms[22m
    [2m    - waiting for element to be visible, enabled and stable[22m


      228 |     if (imageCount > 0) {
      229 |       // Open lightbox
    > 230 |       await galleryImages.first().click();
          |                                   ^
      231 |       await page.waitForTimeout(500);
      232 |       
      233 |       // Try to close lightbox (click overlay or close button)
        at /home/jack/CascadeProjects/healthy corner/tests/shop.spec.ts:230:35

    attachment #1: screenshot (image/png) ──────────────────────────────────────────────────────────
    test-results/shop-Gallery-with-Real-Images-should-close-lightbox-chromium/test-failed-1.png
    ────────────────────────────────────────────────────────────────────────────────────────────────

    Error Context: test-results/shop-Gallery-with-Real-Images-should-close-lightbox-chromium/error-context.md

  6 failed
    [chromium] › tests/admin.spec.ts:95:7 › Media Manager › should open upload modal ───────────────
    [chromium] › tests/shop.spec.ts:21:7 › Public Shop › should display products ───────────────────
    [chromium] › tests/shop.spec.ts:53:7 › Public Shop › should open cart sidebar ──────────────────
    [chromium] › tests/shop.spec.ts:132:7 › Public Shop › should display correct total ─────────────
    [chromium] › tests/shop.spec.ts:196:7 › Gallery with Real Images › should open image lightbox ──
    [chromium] › tests/shop.spec.ts:219:7 › Gallery with Real Images › should close lightbox ───────
  41 passed (2.2m)
